// Jest Snapshot v1, https://goo.gl/fbAQLP

exports[`Button snapshot 1`] = `
<h1
  class="css-0"
>
  Hello World
</h1>
`;
